2026-03-20 12:14:44.050 | ======================================
2026-03-20 12:14:44.070 | INICIO CARGA CERTIFICADO
2026-03-20 12:14:44.070 | ======================================
2026-03-20 12:14:44.072 | PATH: D:\Proyectos\SistemaFacturacion\Facturacion.api\App_Data\FACTURACION\GENERAL\FIRMAELECTRONICA\_WASHINGTON RODOLFO HERNANDEZ HEREDIA 110923181049.p12
2026-03-20 12:14:44.072 | BASE_DIR: D:\Proyectos\SistemaFacturacion\Facturacion.api\
2026-03-20 12:14:44.074 | USER: ssusi
2026-03-20 12:14:44.074 | 64BIT_PROCESS: True
2026-03-20 12:14:44.074 | 64BIT_OS: True
2026-03-20 12:14:44.076 | PASSWORD_NULL: False
2026-03-20 12:14:44.076 | PASSWORD_LEN: 10
2026-03-20 12:14:44.076 | EXISTE_P12: True
2026-03-20 12:14:44.082 | P12_SIZE: 8850
2026-03-20 12:14:44.086 | ANTES KeyStore.getInstance(PKCS12)
2026-03-20 12:14:44.766 | DESPUES KeyStore.getInstance(PKCS12)
2026-03-20 12:14:44.766 | ANTES FileInputStream
2026-03-20 12:14:44.791 | DESPUES FileInputStream
2026-03-20 12:14:44.793 | ANTES ks.load
2026-03-20 12:14:45.608 | DESPUES ks.load
2026-03-20 12:14:45.610 | ANTES KSStore
2026-03-20 12:14:46.223 | DESPUES KSStore
2026-03-20 12:14:46.223 | ANTES getSignCertificates
2026-03-20 12:14:46.228 | DESPUES getSignCertificates
2026-03-20 12:14:46.228 | CERTIFICADOS_ENCONTRADOS: 1
2026-03-20 12:14:46.234 | CERT_SUBJECT: C=EC, O=SECURITY DATA S.A. 2, OU=ENTIDAD DE CERTIFICACION DE INFORMACION, SERIALNUMBER=110923181049, CN=WASHINGTON RODOLFO HERNANDEZ HEREDIA
2026-03-20 12:14:46.237 | CERT_ISSUER: CN=AUTORIDAD DE CERTIFICACION SUBCA-2 SECURITY DATA, OU=ENTIDAD DE CERTIFICACION DE INFORMACION, O=SECURITY DATA S.A. 2, C=EC
2026-03-20 12:14:46.237 | ANTES getPrivateKey
2026-03-20 12:14:46.413 | DESPUES getPrivateKey
2026-03-20 12:14:46.413 | ANTES getProvider
2026-03-20 12:14:46.413 | DESPUES getProvider
2026-03-20 12:14:46.416 | PROVIDER: SunJSSE
