2026-03-23 10:33:45.433 | ======================================
2026-03-23 10:33:45.435 | INICIO CARGA CERTIFICADO
2026-03-23 10:33:45.454 | ======================================
2026-03-23 10:33:45.466 | PATH: D:\Proyectos\SistemaFacturacion\Facturacion.api\App_Data\FACTURACION\GENERAL\FIRMAELECTRONICA\_WASHINGTON RODOLFO HERNANDEZ HEREDIA 110923181049.p12
2026-03-23 10:33:45.466 | BASE_DIR: D:\Proyectos\SistemaFacturacion\Facturacion.api\
2026-03-23 10:33:45.466 | USER: ssusi
2026-03-23 10:33:45.466 | 64BIT_PROCESS: True
2026-03-23 10:33:45.468 | 64BIT_OS: True
2026-03-23 10:33:45.468 | PASSWORD_NULL: False
2026-03-23 10:33:45.468 | PASSWORD_LEN: 10
2026-03-23 10:33:45.468 | EXISTE_P12: True
2026-03-23 10:33:45.487 | P12_SIZE: 8850
2026-03-23 10:33:45.487 | ANTES KeyStore.getInstance(PKCS12)
2026-03-23 10:33:51.328 | DESPUES KeyStore.getInstance(PKCS12)
2026-03-23 10:33:51.330 | ANTES FileInputStream
2026-03-23 10:33:51.359 | DESPUES FileInputStream
2026-03-23 10:33:51.359 | ANTES ks.load
2026-03-23 10:33:53.023 | DESPUES ks.load
2026-03-23 10:33:53.024 | ANTES KSStore
2026-03-23 10:33:54.726 | DESPUES KSStore
2026-03-23 10:33:54.726 | ANTES getSignCertificates
2026-03-23 10:33:54.731 | DESPUES getSignCertificates
2026-03-23 10:33:54.731 | CERTIFICADOS_ENCONTRADOS: 1
2026-03-23 10:33:54.739 | CERT_SUBJECT: C=EC, O=SECURITY DATA S.A. 2, OU=ENTIDAD DE CERTIFICACION DE INFORMACION, SERIALNUMBER=110923181049, CN=WASHINGTON RODOLFO HERNANDEZ HEREDIA
2026-03-23 10:33:54.741 | CERT_ISSUER: CN=AUTORIDAD DE CERTIFICACION SUBCA-2 SECURITY DATA, OU=ENTIDAD DE CERTIFICACION DE INFORMACION, O=SECURITY DATA S.A. 2, C=EC
2026-03-23 10:33:54.742 | ANTES getPrivateKey
2026-03-23 10:33:54.905 | DESPUES getPrivateKey
2026-03-23 10:33:54.905 | ANTES getProvider
2026-03-23 10:33:54.905 | DESPUES getProvider
2026-03-23 10:33:54.918 | PROVIDER: SunJSSE
2026-03-23 10:58:26.900 | ======================================
2026-03-23 10:58:26.900 | INICIO CARGA CERTIFICADO
2026-03-23 10:58:26.902 | ======================================
2026-03-23 10:58:26.902 | PATH: D:\Proyectos\SistemaFacturacion\Facturacion.api\App_Data\FACTURACION\GENERAL\FIRMAELECTRONICA\_WASHINGTON RODOLFO HERNANDEZ HEREDIA 110923181049.p12
2026-03-23 10:58:26.902 | BASE_DIR: D:\Proyectos\SistemaFacturacion\Facturacion.api\
2026-03-23 10:58:26.904 | USER: ssusi
2026-03-23 10:58:26.904 | 64BIT_PROCESS: True
2026-03-23 10:58:26.904 | 64BIT_OS: True
2026-03-23 10:58:26.904 | PASSWORD_NULL: False
2026-03-23 10:58:26.906 | PASSWORD_LEN: 10
2026-03-23 10:58:26.906 | EXISTE_P12: True
2026-03-23 10:58:26.906 | P12_SIZE: 8850
2026-03-23 10:58:26.906 | ANTES KeyStore.getInstance(PKCS12)
2026-03-23 10:58:26.908 | DESPUES KeyStore.getInstance(PKCS12)
2026-03-23 10:58:26.908 | ANTES FileInputStream
2026-03-23 10:58:26.908 | DESPUES FileInputStream
2026-03-23 10:58:26.910 | ANTES ks.load
2026-03-23 10:58:26.924 | DESPUES ks.load
2026-03-23 10:58:26.924 | ANTES KSStore
2026-03-23 10:58:26.924 | DESPUES KSStore
2026-03-23 10:58:26.927 | ANTES getSignCertificates
2026-03-23 10:58:26.927 | DESPUES getSignCertificates
2026-03-23 10:58:26.929 | CERTIFICADOS_ENCONTRADOS: 1
2026-03-23 10:58:26.931 | CERT_SUBJECT: C=EC, O=SECURITY DATA S.A. 2, OU=ENTIDAD DE CERTIFICACION DE INFORMACION, SERIALNUMBER=110923181049, CN=WASHINGTON RODOLFO HERNANDEZ HEREDIA
2026-03-23 10:58:26.932 | CERT_ISSUER: CN=AUTORIDAD DE CERTIFICACION SUBCA-2 SECURITY DATA, OU=ENTIDAD DE CERTIFICACION DE INFORMACION, O=SECURITY DATA S.A. 2, C=EC
2026-03-23 10:58:26.932 | ANTES getPrivateKey
2026-03-23 10:58:26.942 | DESPUES getPrivateKey
2026-03-23 10:58:26.942 | ANTES getProvider
2026-03-23 10:58:26.942 | DESPUES getProvider
2026-03-23 10:58:26.942 | PROVIDER: SunJSSE
