2026-04-14 14:51:07.630 | ======================================
2026-04-14 14:51:07.656 | INICIO CARGA CERTIFICADO
2026-04-14 14:51:07.658 | ======================================
2026-04-14 14:51:07.682 | PATH: D:\Proyectos\SistemaFacturacion\Facturacion.api\App_Data\FACTURACION_KID_S_PLACE\GENERAL\FIRMAELECTRONICA\_WASHINGTON RODOLFO HERNANDEZ HEREDIA 110923181049.p12
2026-04-14 14:51:07.682 | BASE_DIR: D:\Proyectos\SistemaFacturacion\Facturacion.api\
2026-04-14 14:51:07.728 | USER: ssusi
2026-04-14 14:51:07.728 | 64BIT_PROCESS: True
2026-04-14 14:51:07.730 | 64BIT_OS: True
2026-04-14 14:51:07.730 | PASSWORD_NULL: False
2026-04-14 14:51:07.730 | PASSWORD_LEN: 10
2026-04-14 14:51:07.730 | EXISTE_P12: True
2026-04-14 14:51:07.736 | P12_SIZE: 8850
2026-04-14 14:51:07.738 | ANTES KeyStore.getInstance(PKCS12)
2026-04-14 14:51:09.146 | DESPUES KeyStore.getInstance(PKCS12)
2026-04-14 14:51:09.148 | ANTES FileInputStream
2026-04-14 14:51:09.150 | DESPUES FileInputStream
2026-04-14 14:51:09.150 | ANTES ks.load
2026-04-14 14:51:10.459 | DESPUES ks.load
2026-04-14 14:51:10.459 | ANTES KSStore
2026-04-14 14:51:12.170 | DESPUES KSStore
2026-04-14 14:51:12.172 | ANTES getSignCertificates
2026-04-14 14:51:12.191 | DESPUES getSignCertificates
2026-04-14 14:51:12.195 | CERTIFICADOS_ENCONTRADOS: 1
2026-04-14 14:51:12.205 | CERT_SUBJECT: C=EC, O=SECURITY DATA S.A. 2, OU=ENTIDAD DE CERTIFICACION DE INFORMACION, SERIALNUMBER=110923181049, CN=WASHINGTON RODOLFO HERNANDEZ HEREDIA
2026-04-14 14:51:12.209 | CERT_ISSUER: CN=AUTORIDAD DE CERTIFICACION SUBCA-2 SECURITY DATA, OU=ENTIDAD DE CERTIFICACION DE INFORMACION, O=SECURITY DATA S.A. 2, C=EC
2026-04-14 14:51:12.211 | ANTES getPrivateKey
2026-04-14 14:51:12.396 | DESPUES getPrivateKey
2026-04-14 14:51:12.405 | ANTES getProvider
2026-04-14 14:51:12.407 | DESPUES getProvider
2026-04-14 14:51:12.407 | PROVIDER: SunJSSE
2026-04-14 15:28:10.970 | ======================================
2026-04-14 15:28:10.970 | INICIO CARGA CERTIFICADO
2026-04-14 15:28:10.970 | ======================================
2026-04-14 15:28:11.005 | PATH: D:\Proyectos\SistemaFacturacion\Facturacion.api\App_Data\FACTURACION_KID_S_PLACE\GENERAL\FIRMAELECTRONICA\_WASHINGTON RODOLFO HERNANDEZ HEREDIA 110923181049.p12
2026-04-14 15:28:11.005 | BASE_DIR: D:\Proyectos\SistemaFacturacion\Facturacion.api\
2026-04-14 15:28:11.007 | USER: ssusi
2026-04-14 15:28:11.007 | 64BIT_PROCESS: True
2026-04-14 15:28:11.009 | 64BIT_OS: True
2026-04-14 15:28:11.016 | PASSWORD_NULL: False
2026-04-14 15:28:11.016 | PASSWORD_LEN: 10
2026-04-14 15:28:11.016 | EXISTE_P12: True
2026-04-14 15:28:11.018 | P12_SIZE: 8850
2026-04-14 15:28:11.018 | ANTES KeyStore.getInstance(PKCS12)
2026-04-14 15:28:11.055 | DESPUES KeyStore.getInstance(PKCS12)
2026-04-14 15:28:11.071 | ANTES FileInputStream
2026-04-14 15:28:11.083 | DESPUES FileInputStream
2026-04-14 15:28:11.087 | ANTES ks.load
2026-04-14 15:28:11.123 | DESPUES ks.load
2026-04-14 15:28:11.123 | ANTES KSStore
2026-04-14 15:28:11.125 | DESPUES KSStore
2026-04-14 15:28:11.125 | ANTES getSignCertificates
2026-04-14 15:28:11.133 | DESPUES getSignCertificates
2026-04-14 15:28:11.135 | CERTIFICADOS_ENCONTRADOS: 1
2026-04-14 15:28:11.137 | CERT_SUBJECT: C=EC, O=SECURITY DATA S.A. 2, OU=ENTIDAD DE CERTIFICACION DE INFORMACION, SERIALNUMBER=110923181049, CN=WASHINGTON RODOLFO HERNANDEZ HEREDIA
2026-04-14 15:28:11.137 | CERT_ISSUER: CN=AUTORIDAD DE CERTIFICACION SUBCA-2 SECURITY DATA, OU=ENTIDAD DE CERTIFICACION DE INFORMACION, O=SECURITY DATA S.A. 2, C=EC
2026-04-14 15:28:11.139 | ANTES getPrivateKey
2026-04-14 15:28:11.173 | DESPUES getPrivateKey
2026-04-14 15:28:11.175 | ANTES getProvider
2026-04-14 15:28:11.175 | DESPUES getProvider
2026-04-14 15:28:11.233 | PROVIDER: SunJSSE
2026-04-14 15:32:28.692 | ======================================
2026-04-14 15:32:28.692 | INICIO CARGA CERTIFICADO
2026-04-14 15:32:28.733 | ======================================
2026-04-14 15:32:28.757 | PATH: D:\Proyectos\SistemaFacturacion\Facturacion.api\App_Data\FACTURACION_KID_S_PLACE\GENERAL\FIRMAELECTRONICA\_WASHINGTON RODOLFO HERNANDEZ HEREDIA 110923181049.p12
2026-04-14 15:32:28.767 | BASE_DIR: D:\Proyectos\SistemaFacturacion\Facturacion.api\
2026-04-14 15:32:28.800 | USER: ssusi
2026-04-14 15:32:28.800 | 64BIT_PROCESS: True
2026-04-14 15:32:28.802 | 64BIT_OS: True
2026-04-14 15:32:28.804 | PASSWORD_NULL: False
2026-04-14 15:32:28.806 | PASSWORD_LEN: 10
2026-04-14 15:32:28.838 | EXISTE_P12: True
2026-04-14 15:32:28.866 | P12_SIZE: 8850
2026-04-14 15:32:28.868 | ANTES KeyStore.getInstance(PKCS12)
2026-04-14 15:32:28.870 | DESPUES KeyStore.getInstance(PKCS12)
2026-04-14 15:32:28.889 | ANTES FileInputStream
2026-04-14 15:32:28.891 | DESPUES FileInputStream
2026-04-14 15:32:28.891 | ANTES ks.load
2026-04-14 15:32:29.007 | DESPUES ks.load
2026-04-14 15:32:29.014 | ANTES KSStore
2026-04-14 15:32:29.021 | DESPUES KSStore
2026-04-14 15:32:29.021 | ANTES getSignCertificates
2026-04-14 15:32:29.038 | DESPUES getSignCertificates
2026-04-14 15:32:29.040 | CERTIFICADOS_ENCONTRADOS: 1
2026-04-14 15:32:29.040 | CERT_SUBJECT: C=EC, O=SECURITY DATA S.A. 2, OU=ENTIDAD DE CERTIFICACION DE INFORMACION, SERIALNUMBER=110923181049, CN=WASHINGTON RODOLFO HERNANDEZ HEREDIA
2026-04-14 15:32:29.042 | CERT_ISSUER: CN=AUTORIDAD DE CERTIFICACION SUBCA-2 SECURITY DATA, OU=ENTIDAD DE CERTIFICACION DE INFORMACION, O=SECURITY DATA S.A. 2, C=EC
2026-04-14 15:32:29.042 | ANTES getPrivateKey
2026-04-14 15:32:29.120 | DESPUES getPrivateKey
2026-04-14 15:32:29.120 | ANTES getProvider
2026-04-14 15:32:29.122 | DESPUES getProvider
2026-04-14 15:32:29.122 | PROVIDER: SunJSSE
2026-04-14 15:56:37.313 | ======================================
2026-04-14 15:56:37.321 | INICIO CARGA CERTIFICADO
2026-04-14 15:56:37.327 | ======================================
2026-04-14 15:56:37.329 | PATH: D:\Proyectos\SistemaFacturacion\Facturacion.api\App_Data\FACTURACION_KID_S_PLACE\GENERAL\FIRMAELECTRONICA\_WASHINGTON RODOLFO HERNANDEZ HEREDIA 110923181049.p12
2026-04-14 15:56:37.353 | BASE_DIR: D:\Proyectos\SistemaFacturacion\Facturacion.api\
2026-04-14 15:56:37.363 | USER: ssusi
2026-04-14 15:56:37.365 | 64BIT_PROCESS: True
2026-04-14 15:56:37.365 | 64BIT_OS: True
2026-04-14 15:56:37.375 | PASSWORD_NULL: False
2026-04-14 15:56:37.380 | PASSWORD_LEN: 10
2026-04-14 15:56:37.382 | EXISTE_P12: True
2026-04-14 15:56:37.386 | P12_SIZE: 8850
2026-04-14 15:56:37.398 | ANTES KeyStore.getInstance(PKCS12)
2026-04-14 15:56:41.385 | DESPUES KeyStore.getInstance(PKCS12)
2026-04-14 15:56:41.395 | ANTES FileInputStream
2026-04-14 15:56:41.397 | DESPUES FileInputStream
2026-04-14 15:56:41.399 | ANTES ks.load
2026-04-14 15:56:46.565 | DESPUES ks.load
2026-04-14 15:56:46.613 | ANTES KSStore
2026-04-14 15:56:50.364 | DESPUES KSStore
2026-04-14 15:56:50.380 | ANTES getSignCertificates
2026-04-14 15:56:50.418 | DESPUES getSignCertificates
2026-04-14 15:56:50.418 | CERTIFICADOS_ENCONTRADOS: 1
2026-04-14 15:56:50.499 | CERT_SUBJECT: C=EC, O=SECURITY DATA S.A. 2, OU=ENTIDAD DE CERTIFICACION DE INFORMACION, SERIALNUMBER=110923181049, CN=WASHINGTON RODOLFO HERNANDEZ HEREDIA
2026-04-14 15:56:50.501 | CERT_ISSUER: CN=AUTORIDAD DE CERTIFICACION SUBCA-2 SECURITY DATA, OU=ENTIDAD DE CERTIFICACION DE INFORMACION, O=SECURITY DATA S.A. 2, C=EC
2026-04-14 15:56:50.501 | ANTES getPrivateKey
2026-04-14 15:56:52.182 | DESPUES getPrivateKey
2026-04-14 15:56:52.196 | ANTES getProvider
2026-04-14 15:56:52.219 | DESPUES getProvider
2026-04-14 15:56:52.225 | PROVIDER: SunJSSE
