2026-04-24 16:17:07.566 | ======================================
2026-04-24 16:17:07.567 | INICIO CARGA CERTIFICADO
2026-04-24 16:17:07.595 | ======================================
2026-04-24 16:17:07.595 | PATH: D:\Proyectos\SistemaFacturacion\Facturacion.api\App_Data\FACTURACION_KID_S_PLACE\GENERAL\FIRMAELECTRONICA\_WASHINGTON RODOLFO HERNANDEZ HEREDIA 110923181049.p12
2026-04-24 16:17:07.596 | BASE_DIR: D:\Proyectos\SistemaFacturacion\Facturacion.api\
2026-04-24 16:17:07.614 | USER: ssusi
2026-04-24 16:17:07.615 | 64BIT_PROCESS: True
2026-04-24 16:17:07.615 | 64BIT_OS: True
2026-04-24 16:17:07.615 | PASSWORD_NULL: False
2026-04-24 16:17:07.616 | PASSWORD_LEN: 10
2026-04-24 16:17:07.617 | EXISTE_P12: True
2026-04-24 16:17:07.619 | P12_SIZE: 8850
2026-04-24 16:17:07.620 | ANTES KeyStore.getInstance(PKCS12)
2026-04-24 16:17:08.521 | DESPUES KeyStore.getInstance(PKCS12)
2026-04-24 16:17:08.522 | ANTES FileInputStream
2026-04-24 16:17:08.524 | DESPUES FileInputStream
2026-04-24 16:17:08.526 | ANTES ks.load
2026-04-24 16:17:10.660 | DESPUES ks.load
2026-04-24 16:17:10.661 | ANTES KSStore
2026-04-24 16:17:13.575 | DESPUES KSStore
2026-04-24 16:17:13.577 | ANTES getSignCertificates
2026-04-24 16:17:13.581 | DESPUES getSignCertificates
2026-04-24 16:17:13.598 | CERTIFICADOS_ENCONTRADOS: 1
2026-04-24 16:17:13.631 | CERT_SUBJECT: C=EC, O=SECURITY DATA S.A. 2, OU=ENTIDAD DE CERTIFICACION DE INFORMACION, SERIALNUMBER=110923181049, CN=WASHINGTON RODOLFO HERNANDEZ HEREDIA
2026-04-24 16:17:13.639 | CERT_ISSUER: CN=AUTORIDAD DE CERTIFICACION SUBCA-2 SECURITY DATA, OU=ENTIDAD DE CERTIFICACION DE INFORMACION, O=SECURITY DATA S.A. 2, C=EC
2026-04-24 16:17:13.640 | ANTES getPrivateKey
2026-04-24 16:17:14.790 | DESPUES getPrivateKey
2026-04-24 16:17:14.794 | ANTES getProvider
2026-04-24 16:17:14.794 | DESPUES getProvider
2026-04-24 16:17:14.796 | PROVIDER: SunJSSE
