2026-04-02 10:02:37.292 | ======================================
2026-04-02 10:02:37.296 | INICIO CARGA CERTIFICADO
2026-04-02 10:02:37.319 | ======================================
2026-04-02 10:02:37.319 | PATH: D:\Proyectos\SistemaFacturacion\Facturacion.api\App_Data\FACTURACION\GENERAL\FIRMAELECTRONICA\_WASHINGTON RODOLFO HERNANDEZ HEREDIA 110923181049.p12
2026-04-02 10:02:37.319 | BASE_DIR: D:\Proyectos\SistemaFacturacion\Facturacion.api\
2026-04-02 10:02:37.321 | USER: ssusi
2026-04-02 10:02:37.321 | 64BIT_PROCESS: True
2026-04-02 10:02:37.323 | 64BIT_OS: True
2026-04-02 10:02:37.323 | PASSWORD_NULL: False
2026-04-02 10:02:37.333 | PASSWORD_LEN: 10
2026-04-02 10:02:37.334 | EXISTE_P12: True
2026-04-02 10:02:37.335 | P12_SIZE: 8850
2026-04-02 10:02:37.336 | ANTES KeyStore.getInstance(PKCS12)
2026-04-02 10:02:38.071 | DESPUES KeyStore.getInstance(PKCS12)
2026-04-02 10:02:38.072 | ANTES FileInputStream
2026-04-02 10:02:38.093 | DESPUES FileInputStream
2026-04-02 10:02:38.097 | ANTES ks.load
2026-04-02 10:02:38.932 | DESPUES ks.load
2026-04-02 10:02:38.935 | ANTES KSStore
2026-04-02 10:02:39.565 | DESPUES KSStore
2026-04-02 10:02:39.567 | ANTES getSignCertificates
2026-04-02 10:02:39.573 | DESPUES getSignCertificates
2026-04-02 10:02:39.573 | CERTIFICADOS_ENCONTRADOS: 1
2026-04-02 10:02:39.586 | CERT_SUBJECT: C=EC, O=SECURITY DATA S.A. 2, OU=ENTIDAD DE CERTIFICACION DE INFORMACION, SERIALNUMBER=110923181049, CN=WASHINGTON RODOLFO HERNANDEZ HEREDIA
2026-04-02 10:02:39.588 | CERT_ISSUER: CN=AUTORIDAD DE CERTIFICACION SUBCA-2 SECURITY DATA, OU=ENTIDAD DE CERTIFICACION DE INFORMACION, O=SECURITY DATA S.A. 2, C=EC
2026-04-02 10:02:39.588 | ANTES getPrivateKey
2026-04-02 10:02:39.785 | DESPUES getPrivateKey
2026-04-02 10:02:39.785 | ANTES getProvider
2026-04-02 10:02:39.785 | DESPUES getProvider
2026-04-02 10:02:39.790 | PROVIDER: SunJSSE
2026-04-02 10:03:13.713 | ======================================
2026-04-02 10:03:13.714 | INICIO CARGA CERTIFICADO
2026-04-02 10:03:13.715 | ======================================
2026-04-02 10:03:13.721 | PATH: D:\Proyectos\SistemaFacturacion\Facturacion.api\App_Data\FACTURACION\GENERAL\FIRMAELECTRONICA\_WASHINGTON RODOLFO HERNANDEZ HEREDIA 110923181049.p12
2026-04-02 10:03:13.721 | BASE_DIR: D:\Proyectos\SistemaFacturacion\Facturacion.api\
2026-04-02 10:03:13.722 | USER: ssusi
2026-04-02 10:03:13.722 | 64BIT_PROCESS: True
2026-04-02 10:03:13.723 | 64BIT_OS: True
2026-04-02 10:03:13.724 | PASSWORD_NULL: False
2026-04-02 10:03:13.724 | PASSWORD_LEN: 10
2026-04-02 10:03:13.724 | EXISTE_P12: True
2026-04-02 10:03:13.725 | P12_SIZE: 8850
2026-04-02 10:03:13.725 | ANTES KeyStore.getInstance(PKCS12)
2026-04-02 10:03:13.725 | DESPUES KeyStore.getInstance(PKCS12)
2026-04-02 10:03:13.725 | ANTES FileInputStream
2026-04-02 10:03:13.725 | DESPUES FileInputStream
2026-04-02 10:03:13.727 | ANTES ks.load
2026-04-02 10:03:13.735 | DESPUES ks.load
2026-04-02 10:03:13.739 | ANTES KSStore
2026-04-02 10:03:13.746 | DESPUES KSStore
2026-04-02 10:03:13.750 | ANTES getSignCertificates
2026-04-02 10:03:13.754 | DESPUES getSignCertificates
2026-04-02 10:03:13.754 | CERTIFICADOS_ENCONTRADOS: 1
2026-04-02 10:03:13.758 | CERT_SUBJECT: C=EC, O=SECURITY DATA S.A. 2, OU=ENTIDAD DE CERTIFICACION DE INFORMACION, SERIALNUMBER=110923181049, CN=WASHINGTON RODOLFO HERNANDEZ HEREDIA
2026-04-02 10:03:13.762 | CERT_ISSUER: CN=AUTORIDAD DE CERTIFICACION SUBCA-2 SECURITY DATA, OU=ENTIDAD DE CERTIFICACION DE INFORMACION, O=SECURITY DATA S.A. 2, C=EC
2026-04-02 10:03:13.764 | ANTES getPrivateKey
2026-04-02 10:03:13.782 | DESPUES getPrivateKey
2026-04-02 10:03:13.784 | ANTES getProvider
2026-04-02 10:03:13.785 | DESPUES getProvider
2026-04-02 10:03:13.785 | PROVIDER: SunJSSE
2026-04-02 10:23:12.227 | ======================================
2026-04-02 10:23:12.231 | INICIO CARGA CERTIFICADO
2026-04-02 10:23:12.233 | ======================================
2026-04-02 10:23:12.234 | PATH: D:\Proyectos\SistemaFacturacion\Facturacion.api\App_Data\FACTURACION\GENERAL\FIRMAELECTRONICA\_WASHINGTON RODOLFO HERNANDEZ HEREDIA 110923181049.p12
2026-04-02 10:23:12.234 | BASE_DIR: D:\Proyectos\SistemaFacturacion\Facturacion.api\
2026-04-02 10:23:12.236 | USER: ssusi
2026-04-02 10:23:12.236 | 64BIT_PROCESS: True
2026-04-02 10:23:12.236 | 64BIT_OS: True
2026-04-02 10:23:12.238 | PASSWORD_NULL: False
2026-04-02 10:23:12.238 | PASSWORD_LEN: 10
2026-04-02 10:23:12.238 | EXISTE_P12: True
2026-04-02 10:23:12.238 | P12_SIZE: 8850
2026-04-02 10:23:12.238 | ANTES KeyStore.getInstance(PKCS12)
2026-04-02 10:23:12.917 | DESPUES KeyStore.getInstance(PKCS12)
2026-04-02 10:23:12.917 | ANTES FileInputStream
2026-04-02 10:23:12.924 | DESPUES FileInputStream
2026-04-02 10:23:12.924 | ANTES ks.load
2026-04-02 10:23:13.793 | DESPUES ks.load
2026-04-02 10:23:13.793 | ANTES KSStore
2026-04-02 10:23:14.384 | DESPUES KSStore
2026-04-02 10:23:14.386 | ANTES getSignCertificates
2026-04-02 10:23:14.396 | DESPUES getSignCertificates
2026-04-02 10:23:14.396 | CERTIFICADOS_ENCONTRADOS: 1
2026-04-02 10:23:14.404 | CERT_SUBJECT: C=EC, O=SECURITY DATA S.A. 2, OU=ENTIDAD DE CERTIFICACION DE INFORMACION, SERIALNUMBER=110923181049, CN=WASHINGTON RODOLFO HERNANDEZ HEREDIA
2026-04-02 10:23:14.405 | CERT_ISSUER: CN=AUTORIDAD DE CERTIFICACION SUBCA-2 SECURITY DATA, OU=ENTIDAD DE CERTIFICACION DE INFORMACION, O=SECURITY DATA S.A. 2, C=EC
2026-04-02 10:23:14.405 | ANTES getPrivateKey
2026-04-02 10:23:14.592 | DESPUES getPrivateKey
2026-04-02 10:23:14.593 | ANTES getProvider
2026-04-02 10:23:14.594 | DESPUES getProvider
2026-04-02 10:23:14.596 | PROVIDER: SunJSSE
