2026-04-22 13:44:42.420 | ======================================
2026-04-22 13:44:42.422 | INICIO CARGA CERTIFICADO
2026-04-22 13:44:42.466 | ======================================
2026-04-22 13:44:42.467 | PATH: D:\Proyectos\SistemaFacturacion\Facturacion.api\App_Data\FACTURACION_KID_S_PLACE\GENERAL\FIRMAELECTRONICA\_WASHINGTON RODOLFO HERNANDEZ HEREDIA 110923181049.p12
2026-04-22 13:44:42.470 | BASE_DIR: D:\Proyectos\SistemaFacturacion\Facturacion.api\
2026-04-22 13:44:42.472 | USER: ssusi
2026-04-22 13:44:42.473 | 64BIT_PROCESS: True
2026-04-22 13:44:42.474 | 64BIT_OS: True
2026-04-22 13:44:42.475 | PASSWORD_NULL: False
2026-04-22 13:44:42.476 | PASSWORD_LEN: 10
2026-04-22 13:44:42.477 | EXISTE_P12: True
2026-04-22 13:44:42.480 | P12_SIZE: 8850
2026-04-22 13:44:42.480 | ANTES KeyStore.getInstance(PKCS12)
2026-04-22 13:44:43.816 | DESPUES KeyStore.getInstance(PKCS12)
2026-04-22 13:44:43.816 | ANTES FileInputStream
2026-04-22 13:44:43.849 | DESPUES FileInputStream
2026-04-22 13:44:43.849 | ANTES ks.load
2026-04-22 13:44:45.953 | DESPUES ks.load
2026-04-22 13:44:45.953 | ANTES KSStore
2026-04-22 13:44:50.930 | DESPUES KSStore
2026-04-22 13:44:50.951 | ANTES getSignCertificates
2026-04-22 13:44:50.971 | DESPUES getSignCertificates
2026-04-22 13:44:50.972 | CERTIFICADOS_ENCONTRADOS: 1
2026-04-22 13:44:51.020 | CERT_SUBJECT: C=EC, O=SECURITY DATA S.A. 2, OU=ENTIDAD DE CERTIFICACION DE INFORMACION, SERIALNUMBER=110923181049, CN=WASHINGTON RODOLFO HERNANDEZ HEREDIA
2026-04-22 13:44:51.022 | CERT_ISSUER: CN=AUTORIDAD DE CERTIFICACION SUBCA-2 SECURITY DATA, OU=ENTIDAD DE CERTIFICACION DE INFORMACION, O=SECURITY DATA S.A. 2, C=EC
2026-04-22 13:44:51.028 | ANTES getPrivateKey
2026-04-22 13:44:52.578 | DESPUES getPrivateKey
2026-04-22 13:44:52.584 | ANTES getProvider
2026-04-22 13:44:52.588 | DESPUES getProvider
2026-04-22 13:44:52.595 | PROVIDER: SunJSSE
2026-04-22 13:54:48.170 | ======================================
2026-04-22 13:54:48.172 | INICIO CARGA CERTIFICADO
2026-04-22 13:54:48.172 | ======================================
2026-04-22 13:54:48.172 | PATH: D:\Proyectos\SistemaFacturacion\Facturacion.api\App_Data\FACTURACION_KID_S_PLACE\GENERAL\FIRMAELECTRONICA\_WASHINGTON RODOLFO HERNANDEZ HEREDIA 110923181049.p12
2026-04-22 13:54:48.175 | BASE_DIR: D:\Proyectos\SistemaFacturacion\Facturacion.api\
2026-04-22 13:54:48.175 | USER: ssusi
2026-04-22 13:54:48.177 | 64BIT_PROCESS: True
2026-04-22 13:54:48.179 | 64BIT_OS: True
2026-04-22 13:54:48.181 | PASSWORD_NULL: False
2026-04-22 13:54:48.183 | PASSWORD_LEN: 10
2026-04-22 13:54:48.193 | EXISTE_P12: True
2026-04-22 13:54:48.195 | P12_SIZE: 8850
2026-04-22 13:54:48.199 | ANTES KeyStore.getInstance(PKCS12)
2026-04-22 13:54:48.963 | DESPUES KeyStore.getInstance(PKCS12)
2026-04-22 13:54:48.977 | ANTES FileInputStream
2026-04-22 13:54:48.979 | DESPUES FileInputStream
2026-04-22 13:54:48.979 | ANTES ks.load
2026-04-22 13:54:50.260 | DESPUES ks.load
2026-04-22 13:54:50.260 | ANTES KSStore
2026-04-22 13:54:53.022 | DESPUES KSStore
2026-04-22 13:54:53.022 | ANTES getSignCertificates
2026-04-22 13:54:53.030 | DESPUES getSignCertificates
2026-04-22 13:54:53.032 | CERTIFICADOS_ENCONTRADOS: 1
2026-04-22 13:54:53.039 | CERT_SUBJECT: C=EC, O=SECURITY DATA S.A. 2, OU=ENTIDAD DE CERTIFICACION DE INFORMACION, SERIALNUMBER=110923181049, CN=WASHINGTON RODOLFO HERNANDEZ HEREDIA
2026-04-22 13:54:53.041 | CERT_ISSUER: CN=AUTORIDAD DE CERTIFICACION SUBCA-2 SECURITY DATA, OU=ENTIDAD DE CERTIFICACION DE INFORMACION, O=SECURITY DATA S.A. 2, C=EC
2026-04-22 13:54:53.041 | ANTES getPrivateKey
2026-04-22 13:54:54.207 | DESPUES getPrivateKey
2026-04-22 13:54:54.207 | ANTES getProvider
2026-04-22 13:54:54.207 | DESPUES getProvider
2026-04-22 13:54:54.209 | PROVIDER: SunJSSE
