2026-04-01 10:46:55.985 | ======================================
2026-04-01 10:46:55.989 | INICIO CARGA CERTIFICADO
2026-04-01 10:46:56.004 | ======================================
2026-04-01 10:46:56.008 | PATH: D:\Proyectos\SistemaFacturacion\Facturacion.api\App_Data\FACTURACION\GENERAL\FIRMAELECTRONICA\_WASHINGTON RODOLFO HERNANDEZ HEREDIA 110923181049.p12
2026-04-01 10:46:56.022 | BASE_DIR: D:\Proyectos\SistemaFacturacion\Facturacion.api\
2026-04-01 10:46:56.024 | USER: ssusi
2026-04-01 10:46:56.024 | 64BIT_PROCESS: True
2026-04-01 10:46:56.024 | 64BIT_OS: True
2026-04-01 10:46:56.024 | PASSWORD_NULL: False
2026-04-01 10:46:56.026 | PASSWORD_LEN: 10
2026-04-01 10:46:56.026 | EXISTE_P12: True
2026-04-01 10:46:56.026 | P12_SIZE: 8850
2026-04-01 10:46:56.026 | ANTES KeyStore.getInstance(PKCS12)
2026-04-01 10:46:56.759 | DESPUES KeyStore.getInstance(PKCS12)
2026-04-01 10:46:56.760 | ANTES FileInputStream
2026-04-01 10:46:56.762 | DESPUES FileInputStream
2026-04-01 10:46:56.762 | ANTES ks.load
2026-04-01 10:46:57.497 | DESPUES ks.load
2026-04-01 10:46:57.497 | ANTES KSStore
2026-04-01 10:46:58.223 | DESPUES KSStore
2026-04-01 10:46:58.223 | ANTES getSignCertificates
2026-04-01 10:46:58.235 | DESPUES getSignCertificates
2026-04-01 10:46:58.237 | CERTIFICADOS_ENCONTRADOS: 1
2026-04-01 10:46:58.243 | CERT_SUBJECT: C=EC, O=SECURITY DATA S.A. 2, OU=ENTIDAD DE CERTIFICACION DE INFORMACION, SERIALNUMBER=110923181049, CN=WASHINGTON RODOLFO HERNANDEZ HEREDIA
2026-04-01 10:46:58.245 | CERT_ISSUER: CN=AUTORIDAD DE CERTIFICACION SUBCA-2 SECURITY DATA, OU=ENTIDAD DE CERTIFICACION DE INFORMACION, O=SECURITY DATA S.A. 2, C=EC
2026-04-01 10:46:58.245 | ANTES getPrivateKey
2026-04-01 10:46:58.391 | DESPUES getPrivateKey
2026-04-01 10:46:58.393 | ANTES getProvider
2026-04-01 10:46:58.393 | DESPUES getProvider
2026-04-01 10:46:58.395 | PROVIDER: SunJSSE
