2026-04-06 09:37:24.402 | ======================================
2026-04-06 09:37:24.403 | INICIO CARGA CERTIFICADO
2026-04-06 09:37:24.418 | ======================================
2026-04-06 09:37:24.423 | PATH: D:\Proyectos\SistemaFacturacion\Facturacion.api\App_Data\FACTURACION_KID_S_PLACE\GENERAL\FIRMAELECTRONICA\_WASHINGTON RODOLFO HERNANDEZ HEREDIA 110923181049.p12
2026-04-06 09:37:24.424 | BASE_DIR: D:\Proyectos\SistemaFacturacion\Facturacion.api\
2026-04-06 09:37:24.429 | USER: ssusi
2026-04-06 09:37:24.430 | 64BIT_PROCESS: True
2026-04-06 09:37:24.430 | 64BIT_OS: True
2026-04-06 09:37:24.431 | PASSWORD_NULL: False
2026-04-06 09:37:24.431 | PASSWORD_LEN: 10
2026-04-06 09:37:24.432 | EXISTE_P12: True
2026-04-06 09:37:24.433 | P12_SIZE: 8850
2026-04-06 09:37:24.433 | ANTES KeyStore.getInstance(PKCS12)
2026-04-06 09:37:35.453 | DESPUES KeyStore.getInstance(PKCS12)
2026-04-06 09:37:35.454 | ANTES FileInputStream
2026-04-06 09:37:35.456 | DESPUES FileInputStream
2026-04-06 09:37:35.461 | ANTES ks.load
2026-04-06 09:37:42.185 | DESPUES ks.load
2026-04-06 09:37:42.187 | ANTES KSStore
2026-04-06 09:37:45.171 | DESPUES KSStore
2026-04-06 09:37:45.171 | ANTES getSignCertificates
2026-04-06 09:37:45.183 | DESPUES getSignCertificates
2026-04-06 09:37:45.183 | CERTIFICADOS_ENCONTRADOS: 1
2026-04-06 09:37:45.201 | CERT_SUBJECT: C=EC, O=SECURITY DATA S.A. 2, OU=ENTIDAD DE CERTIFICACION DE INFORMACION, SERIALNUMBER=110923181049, CN=WASHINGTON RODOLFO HERNANDEZ HEREDIA
2026-04-06 09:37:45.203 | CERT_ISSUER: CN=AUTORIDAD DE CERTIFICACION SUBCA-2 SECURITY DATA, OU=ENTIDAD DE CERTIFICACION DE INFORMACION, O=SECURITY DATA S.A. 2, C=EC
2026-04-06 09:37:45.207 | ANTES getPrivateKey
2026-04-06 09:37:45.753 | DESPUES getPrivateKey
2026-04-06 09:37:45.755 | ANTES getProvider
2026-04-06 09:37:45.757 | DESPUES getProvider
2026-04-06 09:37:45.787 | PROVIDER: SunJSSE
2026-04-06 09:39:01.636 | ======================================
2026-04-06 09:39:01.646 | INICIO CARGA CERTIFICADO
2026-04-06 09:39:01.661 | ======================================
2026-04-06 09:39:01.668 | PATH: D:\Proyectos\SistemaFacturacion\Facturacion.api\App_Data\FACTURACION_KID_S_PLACE\GENERAL\FIRMAELECTRONICA\_WASHINGTON RODOLFO HERNANDEZ HEREDIA 110923181049.p12
2026-04-06 09:39:01.670 | BASE_DIR: D:\Proyectos\SistemaFacturacion\Facturacion.api\
2026-04-06 09:39:01.671 | USER: ssusi
2026-04-06 09:39:01.672 | 64BIT_PROCESS: True
2026-04-06 09:39:01.672 | 64BIT_OS: True
2026-04-06 09:39:01.672 | PASSWORD_NULL: False
2026-04-06 09:39:01.673 | PASSWORD_LEN: 10
2026-04-06 09:39:01.673 | EXISTE_P12: True
2026-04-06 09:39:01.674 | P12_SIZE: 8850
2026-04-06 09:39:01.674 | ANTES KeyStore.getInstance(PKCS12)
2026-04-06 09:39:01.675 | DESPUES KeyStore.getInstance(PKCS12)
2026-04-06 09:39:01.675 | ANTES FileInputStream
2026-04-06 09:39:01.675 | DESPUES FileInputStream
2026-04-06 09:39:01.676 | ANTES ks.load
2026-04-06 09:39:01.692 | DESPUES ks.load
2026-04-06 09:39:01.694 | ANTES KSStore
2026-04-06 09:39:01.695 | DESPUES KSStore
2026-04-06 09:39:01.696 | ANTES getSignCertificates
2026-04-06 09:39:01.697 | DESPUES getSignCertificates
2026-04-06 09:39:01.698 | CERTIFICADOS_ENCONTRADOS: 1
2026-04-06 09:39:01.700 | CERT_SUBJECT: C=EC, O=SECURITY DATA S.A. 2, OU=ENTIDAD DE CERTIFICACION DE INFORMACION, SERIALNUMBER=110923181049, CN=WASHINGTON RODOLFO HERNANDEZ HEREDIA
2026-04-06 09:39:01.701 | CERT_ISSUER: CN=AUTORIDAD DE CERTIFICACION SUBCA-2 SECURITY DATA, OU=ENTIDAD DE CERTIFICACION DE INFORMACION, O=SECURITY DATA S.A. 2, C=EC
2026-04-06 09:39:01.701 | ANTES getPrivateKey
2026-04-06 09:39:01.713 | DESPUES getPrivateKey
2026-04-06 09:39:01.714 | ANTES getProvider
2026-04-06 09:39:01.715 | DESPUES getProvider
2026-04-06 09:39:01.715 | PROVIDER: SunJSSE
