2026-04-15 09:33:21.957 | ======================================
2026-04-15 09:33:21.975 | INICIO CARGA CERTIFICADO
2026-04-15 09:33:22.151 | ======================================
2026-04-15 09:33:22.153 | PATH: D:\Proyectos\SistemaFacturacion\Facturacion.api\App_Data\FACTURACION_KID_S_PLACE\GENERAL\FIRMAELECTRONICA\_WASHINGTON RODOLFO HERNANDEZ HEREDIA 110923181049.p12
2026-04-15 09:33:22.238 | BASE_DIR: D:\Proyectos\SistemaFacturacion\Facturacion.api\
2026-04-15 09:33:22.239 | USER: ssusi
2026-04-15 09:33:22.240 | 64BIT_PROCESS: True
2026-04-15 09:33:22.241 | 64BIT_OS: True
2026-04-15 09:33:22.241 | PASSWORD_NULL: False
2026-04-15 09:33:22.243 | PASSWORD_LEN: 10
2026-04-15 09:33:22.277 | EXISTE_P12: True
2026-04-15 09:33:22.298 | P12_SIZE: 8850
2026-04-15 09:33:22.300 | ANTES KeyStore.getInstance(PKCS12)
2026-04-15 09:33:27.088 | DESPUES KeyStore.getInstance(PKCS12)
2026-04-15 09:33:27.096 | ANTES FileInputStream
2026-04-15 09:33:27.134 | DESPUES FileInputStream
2026-04-15 09:33:27.136 | ANTES ks.load
2026-04-15 09:33:31.356 | DESPUES ks.load
2026-04-15 09:33:31.358 | ANTES KSStore
2026-04-15 09:33:33.445 | DESPUES KSStore
2026-04-15 09:33:33.446 | ANTES getSignCertificates
2026-04-15 09:33:33.453 | DESPUES getSignCertificates
2026-04-15 09:33:33.456 | CERTIFICADOS_ENCONTRADOS: 1
2026-04-15 09:33:33.467 | CERT_SUBJECT: C=EC, O=SECURITY DATA S.A. 2, OU=ENTIDAD DE CERTIFICACION DE INFORMACION, SERIALNUMBER=110923181049, CN=WASHINGTON RODOLFO HERNANDEZ HEREDIA
2026-04-15 09:33:33.469 | CERT_ISSUER: CN=AUTORIDAD DE CERTIFICACION SUBCA-2 SECURITY DATA, OU=ENTIDAD DE CERTIFICACION DE INFORMACION, O=SECURITY DATA S.A. 2, C=EC
2026-04-15 09:33:33.471 | ANTES getPrivateKey
2026-04-15 09:33:33.797 | DESPUES getPrivateKey
2026-04-15 09:33:33.822 | ANTES getProvider
2026-04-15 09:33:33.834 | DESPUES getProvider
2026-04-15 09:33:33.834 | PROVIDER: SunJSSE
