2026-03-20 12:14:49.659 | ========== INICIO INSERTAR FACTURA DEFINITIVA ==========
2026-03-20 12:14:49.659 | numeroFacturaReal: 000000907
2026-03-20 12:14:49.663 | fechaPago: 20/03/2026
2026-03-20 12:14:49.667 | horaActual: 12:14:49
2026-03-20 12:14:49.673 | formaPago: EFECTIVO
2026-03-20 12:14:49.677 | clienteTexto: 1726978669
2026-03-20 12:14:49.680 | usuarioActual: KID'S PLACE
2026-03-20 12:14:49.682 | ipActual: 181.199.59.160
2026-03-20 12:14:49.692 | detalleFactura.Rows.Count: 21
2026-03-20 12:14:49.699 | claveAcceso: 2003202601170529684400110010020000009072233445517
2026-03-20 12:14:49.708 | rutaXmlAutorizado: D:\Proyectos\SistemaFacturacion\Facturacion.api\App_Data\FACTURACION\FACTURAS\XMLAUTORIZADOS\2003202601170529684400110010020000009072233445517.xml
2026-03-20 12:14:58.394 | DESPUES InsertarFactura()
2026-03-20 12:14:58.395 | ========== FIN INSERTAR FACTURA DEFINITIVA ==========
2026-03-23 10:34:02.288 | ========== INICIO INSERTAR FACTURA DEFINITIVA ==========
2026-03-23 10:34:02.293 | numeroFacturaReal: 000000910
2026-03-23 10:34:02.293 | fechaPago: 23/03/2026
2026-03-23 10:34:02.293 | horaActual: 10:34:02
2026-03-23 10:34:02.293 | formaPago: EFECTIVO
2026-03-23 10:34:02.310 | clienteTexto: 1726978669
2026-03-23 10:34:02.312 | usuarioActual: KID'S PLACE
2026-03-23 10:34:02.312 | ipActual: 181.199.59.160
2026-03-23 10:34:02.314 | detalleFactura.Rows.Count: 1
2026-03-23 10:34:02.314 | claveAcceso: 2303202601170529684400110010020000009102233445517
2026-03-23 10:34:02.314 | rutaXmlAutorizado: D:\Proyectos\SistemaFacturacion\Facturacion.api\App_Data\FACTURACION\FACTURAS\XMLAUTORIZADOS\2303202601170529684400110010020000009102233445517.xml
2026-03-23 10:34:02.766 | DESPUES InsertarFactura()
2026-03-23 10:34:02.766 | ========== FIN INSERTAR FACTURA DEFINITIVA ==========
2026-04-06 09:37:59.714 | ========== INICIO INSERTAR FACTURA DEFINITIVA ==========
2026-04-06 09:37:59.718 | numeroFacturaReal: 000000912
2026-04-06 09:37:59.720 | fechaPago: 06/04/2026
2026-04-06 09:37:59.720 | horaActual: 09:37:59
2026-04-06 09:37:59.724 | formaPago: EFECTIVO
2026-04-06 09:37:59.724 | clienteTexto: 1726978669
2026-04-06 09:37:59.726 | usuarioActual: KID'S PLACE
2026-04-06 09:37:59.728 | ipActual: 181.199.59.160
2026-04-06 09:37:59.732 | detalleFactura.Rows.Count: 1
2026-04-06 09:37:59.734 | claveAcceso: 0604202601170529684400110010020000009122233445510
2026-04-06 09:37:59.738 | rutaXmlAutorizado: D:\Proyectos\SistemaFacturacion\Facturacion.api\App_Data\FACTURACION_KID_S_PLACE\FACTURAS\XMLAUTORIZADOS\0604202601170529684400110010020000009122233445510.xml
2026-04-06 09:38:00.211 | DESPUES InsertarFactura()
2026-04-06 09:38:00.213 | ========== FIN INSERTAR FACTURA DEFINITIVA ==========
2026-04-06 09:39:02.315 | ========== INICIO INSERTAR FACTURA DEFINITIVA ==========
2026-04-06 09:39:02.316 | numeroFacturaReal: 000000913
2026-04-06 09:39:02.317 | fechaPago: 06/04/2026
2026-04-06 09:39:02.317 | horaActual: 09:39:02
2026-04-06 09:39:02.318 | formaPago: EFECTIVO
2026-04-06 09:39:02.318 | clienteTexto: 1726978669
2026-04-06 09:39:02.318 | usuarioActual: KID'S PLACE
2026-04-06 09:39:02.319 | ipActual: 181.199.59.160
2026-04-06 09:39:02.319 | detalleFactura.Rows.Count: 2
2026-04-06 09:39:02.319 | claveAcceso: 0604202601170529684400110010020000009132233445516
2026-04-06 09:39:02.320 | rutaXmlAutorizado: D:\Proyectos\SistemaFacturacion\Facturacion.api\App_Data\FACTURACION_KID_S_PLACE\FACTURAS\XMLAUTORIZADOS\0604202601170529684400110010020000009132233445516.xml
2026-04-06 09:39:03.290 | DESPUES InsertarFactura()
2026-04-06 09:39:03.292 | ========== FIN INSERTAR FACTURA DEFINITIVA ==========
2026-04-14 14:51:16.689 | ========== INICIO INSERTAR FACTURA DEFINITIVA ==========
2026-04-14 14:51:16.696 | numeroFacturaReal: 000000914
2026-04-14 14:51:16.700 | fechaPago: 14/04/2026
2026-04-14 14:51:16.702 | horaActual: 14:51:16
2026-04-14 14:51:16.702 | formaPago: EFECTIVO
2026-04-14 14:51:16.706 | clienteTexto: 1726978669
2026-04-14 14:51:16.708 | usuarioActual: KID'S PLACE
2026-04-14 14:51:16.708 | ipActual: 181.199.59.160
2026-04-14 14:51:16.714 | detalleFactura.Rows.Count: 1
2026-04-14 14:51:16.714 | claveAcceso: 1404202601170529684400110010020000009142233445516
2026-04-14 14:51:16.718 | rutaXmlAutorizado: D:\Proyectos\SistemaFacturacion\Facturacion.api\App_Data\FACTURACION_KID_S_PLACE\FACTURAS\XMLAUTORIZADOS\1404202601170529684400110010020000009142233445516.xml
2026-04-14 14:51:17.372 | DESPUES InsertarFactura()
2026-04-14 14:51:17.372 | ========== FIN INSERTAR FACTURA DEFINITIVA ==========
2026-04-14 15:28:12.152 | ========== INICIO INSERTAR FACTURA DEFINITIVA ==========
2026-04-14 15:28:12.226 | numeroFacturaReal: 000000915
2026-04-14 15:28:12.235 | fechaPago: 14/04/2026
2026-04-14 15:28:12.339 | horaActual: 15:28:12
2026-04-14 15:28:12.370 | formaPago: EFECTIVO
2026-04-14 15:28:12.370 | clienteTexto: 1726978669
2026-04-14 15:28:12.387 | usuarioActual: KID'S PLACE
2026-04-14 15:28:12.387 | ipActual: 181.199.59.160
2026-04-14 15:28:12.389 | detalleFactura.Rows.Count: 1
2026-04-14 15:28:12.422 | claveAcceso: 1404202601170529684400110010020000009152233445511
2026-04-14 15:28:12.422 | rutaXmlAutorizado: D:\Proyectos\SistemaFacturacion\Facturacion.api\App_Data\FACTURACION_KID_S_PLACE\FACTURAS\XMLAUTORIZADOS\1404202601170529684400110010020000009152233445511.xml
2026-04-14 15:28:13.048 | DESPUES InsertarFactura()
2026-04-14 15:28:13.050 | ========== FIN INSERTAR FACTURA DEFINITIVA ==========
2026-04-15 09:33:39.569 | ========== INICIO INSERTAR FACTURA DEFINITIVA ==========
2026-04-15 09:33:39.576 | numeroFacturaReal: 000000916
2026-04-15 09:33:39.576 | fechaPago: 15/04/2026
2026-04-15 09:33:39.578 | horaActual: 09:33:39
2026-04-15 09:33:39.578 | formaPago: EFECTIVO
2026-04-15 09:33:39.580 | clienteTexto: 1726978669
2026-04-15 09:33:39.582 | usuarioActual: KID'S PLACE
2026-04-15 09:33:39.584 | ipActual: 181.199.59.160
2026-04-15 09:33:39.595 | detalleFactura.Rows.Count: 2
2026-04-15 09:33:39.611 | claveAcceso: 1504202601170529684400110010020000009162233445511
2026-04-15 09:33:39.611 | rutaXmlAutorizado: D:\Proyectos\SistemaFacturacion\Facturacion.api\App_Data\FACTURACION_KID_S_PLACE\FACTURAS\XMLAUTORIZADOS\1504202601170529684400110010020000009162233445511.xml
2026-04-15 09:33:40.569 | DESPUES InsertarFactura()
2026-04-15 09:33:40.571 | ========== FIN INSERTAR FACTURA DEFINITIVA ==========
2026-04-22 13:54:59.780 | ========== INICIO INSERTAR FACTURA DEFINITIVA ==========
2026-04-22 13:54:59.784 | numeroFacturaReal: 000000917
2026-04-22 13:54:59.784 | fechaPago: 22/04/2026
2026-04-22 13:54:59.784 | horaActual: 13:54:59
2026-04-22 13:54:59.787 | formaPago: EFECTIVO
2026-04-22 13:54:59.787 | clienteTexto: 1726978669
2026-04-22 13:54:59.787 | usuarioActual: KID'S PLACE
2026-04-22 13:54:59.790 | ipActual: 181.199.59.160
2026-04-22 13:54:59.790 | detalleFactura.Rows.Count: 2
2026-04-22 13:54:59.827 | claveAcceso: 2204202601170529684400110010020000009172233445517
2026-04-22 13:54:59.829 | rutaXmlAutorizado: D:\Proyectos\SistemaFacturacion\Facturacion.api\App_Data\FACTURACION_KID_S_PLACE\FACTURAS\XMLAUTORIZADOS\2204202601170529684400110010020000009172233445517.xml
2026-04-22 13:55:00.604 | DESPUES InsertarFactura()
2026-04-22 13:55:00.604 | ========== FIN INSERTAR FACTURA DEFINITIVA ==========
2026-04-24 16:17:22.421 | ========== INICIO INSERTAR FACTURA DEFINITIVA ==========
2026-04-24 16:17:22.423 | numeroFacturaReal: 000000918
2026-04-24 16:17:22.423 | fechaPago: 24/04/2026
2026-04-24 16:17:22.425 | horaActual: 16:17:22
2026-04-24 16:17:22.426 | formaPago: DEUNA
2026-04-24 16:17:22.427 | clienteTexto: 1726978669
2026-04-24 16:17:22.435 | usuarioActual: KID'S PLACE
2026-04-24 16:17:22.436 | ipActual: 181.199.59.160
2026-04-24 16:17:22.438 | detalleFactura.Rows.Count: 2
2026-04-24 16:17:22.439 | claveAcceso: 2404202601170529684400110010020000009182233445511
2026-04-24 16:17:22.441 | rutaXmlAutorizado: D:\Proyectos\SistemaFacturacion\Facturacion.api\App_Data\FACTURACION_KID_S_PLACE\FACTURAS\XMLAUTORIZADOS\2404202601170529684400110010020000009182233445511.xml
2026-04-24 16:17:23.213 | DESPUES InsertarFactura()
2026-04-24 16:17:23.214 | ========== FIN INSERTAR FACTURA DEFINITIVA ==========
